<html>
<body>
<pre>
<h1>µVision Build Log</h1>
<h2>Project:</h2>
D:\001_CloudWork\001_Work\002_¬ã¨s©Ò\005_Quadcopter\micro-quadcopter\Project\Master\master.uvproj
Project File Date:  12/16/2013

<h2>Output:</h2>
Build target 'Quadcopter'
compiling system_task.c...
..\..\Source\system_task.c(21): warning:  #177-D: variable "accInfo" was declared but never referenced
..\..\Source\system_task.c(22): warning:  #177-D: variable "gryoInfo" was declared but never referenced
..\..\Source\system_task.c(23): warning:  #177-D: variable "times" was declared but never referenced
..\..\Source\system_task.c(24): warning:  #177-D: variable "i" was declared but never referenced
..\..\Source\system_task.c(27): warning:  #177-D: variable "crcVal" was declared but never referenced
..\..\Source\system_task.c(28): warning:  #177-D: variable "array" was declared but never referenced
..\..\Source\system_task.c(29): warning:  #177-D: variable "base" was declared but never referenced
..\..\Source\system_task.c(60): warning:  #177-D: variable "i" was declared but never referenced
..\..\Source\system_task.c(60): warning:  #177-D: variable "j" was declared but never referenced
..\..\Source\system_task.c(61): warning:  #177-D: variable "sum" was declared but never referenced
..\..\Source\system_task.c(62): warning:  #177-D: variable "accelGyroBuffer" was declared but never referenced
compiling arm_sin_f32.c...
C:\Keil\ARM\CMSIS\Include\arm_math.h(280): error:  #5: cannot open source input file "ARMCM4.h": No such file or directory
compiling arm_cos_f32.c...
C:\Keil\ARM\CMSIS\Include\arm_math.h(280): error:  #5: cannot open source input file "ARMCM4.h": No such file or directory
Target not created
Build target 'Quadcopter'
compiling main.c...
compiling stm32f10x_it.c...
compiling system_stm32f10x.c...
compiling system_task.c...
..\..\Source\system_task.c(21): warning:  #177-D: variable "accInfo" was declared but never referenced
..\..\Source\system_task.c(22): warning:  #177-D: variable "gryoInfo" was declared but never referenced
..\..\Source\system_task.c(23): warning:  #177-D: variable "times" was declared but never referenced
..\..\Source\system_task.c(24): warning:  #177-D: variable "i" was declared but never referenced
..\..\Source\system_task.c(27): warning:  #177-D: variable "crcVal" was declared but never referenced
..\..\Source\system_task.c(28): warning:  #177-D: variable "array" was declared but never referenced
..\..\Source\system_task.c(29): warning:  #177-D: variable "base" was declared but never referenced
..\..\Source\system_task.c(60): warning:  #177-D: variable "i" was declared but never referenced
..\..\Source\system_task.c(60): warning:  #177-D: variable "j" was declared but never referenced
..\..\Source\system_task.c(61): warning:  #177-D: variable "sum" was declared but never referenced
..\..\Source\system_task.c(62): warning:  #177-D: variable "accelGyroBuffer" was declared but never referenced
compiling misc.c...
compiling stm32f10x_adc.c...
compiling stm32f10x_bkp.c...
compiling stm32f10x_can.c...
compiling stm32f10x_cec.c...
compiling stm32f10x_crc.c...
compiling stm32f10x_dac.c...
compiling stm32f10x_dbgmcu.c...
compiling stm32f10x_dma.c...
compiling stm32f10x_exti.c...
compiling stm32f10x_flash.c...
compiling stm32f10x_fsmc.c...
compiling stm32f10x_gpio.c...
compiling stm32f10x_i2c.c...
compiling stm32f10x_iwdg.c...
compiling stm32f10x_pwr.c...
compiling stm32f10x_rcc.c...
compiling stm32f10x_rtc.c...
compiling stm32f10x_sdio.c...
compiling stm32f10x_spi.c...
compiling stm32f10x_tim.c...
compiling stm32f10x_usart.c...
compiling stm32f10x_wwdg.c...
compiling croutine.c...
compiling list.c...
compiling queue.c...
compiling tasks.c...
compiling timers.c...
compiling port.c...
compiling heap_1.c...
compiling mpu6050.c...
..\..\HAL\src\mpu6050.c(569): warning:  #177-D: function "VisualScope_CRC_CHECK" was declared but never referenced
compiling led.c...
compiling motor.c...
compiling usart.c...
compiling pid.c...
compiling arm_sin_f32.c...
compiling arm_cos_f32.c...
linking...
Program Size: Code=10644 RO-data=268 RW-data=120 ZI-data=18648  
"..\..\Output\master.axf" - 0 Error(s), 12 Warning(s).
Build target 'Quadcopter'
compiling mpu6050.c...
linking...
Program Size: Code=10584 RO-data=268 RW-data=120 ZI-data=18648  
"..\..\Output\master.axf" - 0 Error(s), 0 Warning(s).
